=== 1024 ===
merge tuned file under model_configs/ and configs/  /workspace/aiter/aiter/configs/a8w8_bpreshuffle_tuned_gemm.csv:/workspace/aiter/aiter/configs/model_configs/a8w8_bpreshuffle_tuned_gemm_dsv3.csv
merge tuned file under model_configs/ and configs/  /workspace/aiter/aiter/configs/a8w8_blockscale_tuned_gemm.csv:/workspace/aiter/aiter/configs/model_configs/a8w8_blockscale_tuned_gemm_ds_v3.csv
merge tuned file under model_configs/ and configs/  /workspace/aiter/aiter/configs/a8w8_blockscale_bpreshuffle_tuned_gemm.csv:/workspace/aiter/aiter/configs/model_configs/a8w8_blockscale_bpreshuffle_tuned_gemm_dsv3.csv
[aiter] hipModuleLoad: /workspace/aiter/hsa/gfx942/bf16gemm//bf16gemm_outf32_tn_64x64_pf3.co GetFunction: _ZN5aiter28bf16gemm_outf32_tn_64x64_pf3E Success
done 1024
=== 2048 ===
merge tuned file under model_configs/ and configs/  /workspace/aiter/aiter/configs/a8w8_bpreshuffle_tuned_gemm.csv:/workspace/aiter/aiter/configs/model_configs/a8w8_bpreshuffle_tuned_gemm_dsv3.csv
merge tuned file under model_configs/ and configs/  /workspace/aiter/aiter/configs/a8w8_blockscale_tuned_gemm.csv:/workspace/aiter/aiter/configs/model_configs/a8w8_blockscale_tuned_gemm_ds_v3.csv
merge tuned file under model_configs/ and configs/  /workspace/aiter/aiter/configs/a8w8_blockscale_bpreshuffle_tuned_gemm.csv:/workspace/aiter/aiter/configs/model_configs/a8w8_blockscale_bpreshuffle_tuned_gemm_dsv3.csv
[aiter] hipModuleLoad: /workspace/aiter/hsa/gfx942/bf16gemm//bf16gemm_outf32_tn_96x64_pf3.co GetFunction: _ZN5aiter28bf16gemm_outf32_tn_96x64_pf3E Success
done 2048
=== 4096 ===
merge tuned file under model_configs/ and configs/  /workspace/aiter/aiter/configs/a8w8_bpreshuffle_tuned_gemm.csv:/workspace/aiter/aiter/configs/model_configs/a8w8_bpreshuffle_tuned_gemm_dsv3.csv
merge tuned file under model_configs/ and configs/  /workspace/aiter/aiter/configs/a8w8_blockscale_tuned_gemm.csv:/workspace/aiter/aiter/configs/model_configs/a8w8_blockscale_tuned_gemm_ds_v3.csv
merge tuned file under model_configs/ and configs/  /workspace/aiter/aiter/configs/a8w8_blockscale_bpreshuffle_tuned_gemm.csv:/workspace/aiter/aiter/configs/model_configs/a8w8_blockscale_bpreshuffle_tuned_gemm_dsv3.csv
[aiter] hipModuleLoad: /workspace/aiter/hsa/gfx942/bf16gemm//bf16gemm_outf32_tn_96x64_pf3.co GetFunction: _ZN5aiter28bf16gemm_outf32_tn_96x64_pf3E Success
done 4096
=== 8192 ===
merge tuned file under model_configs/ and configs/  /workspace/aiter/aiter/configs/a8w8_bpreshuffle_tuned_gemm.csv:/workspace/aiter/aiter/configs/model_configs/a8w8_bpreshuffle_tuned_gemm_dsv3.csv
merge tuned file under model_configs/ and configs/  /workspace/aiter/aiter/configs/a8w8_blockscale_tuned_gemm.csv:/workspace/aiter/aiter/configs/model_configs/a8w8_blockscale_tuned_gemm_ds_v3.csv
merge tuned file under model_configs/ and configs/  /workspace/aiter/aiter/configs/a8w8_blockscale_bpreshuffle_tuned_gemm.csv:/workspace/aiter/aiter/configs/model_configs/a8w8_blockscale_bpreshuffle_tuned_gemm_dsv3.csv
[aiter] hipModuleLoad: /workspace/aiter/hsa/gfx942/bf16gemm//bf16gemm_outf32_tn_96x64_pf3.co GetFunction: _ZN5aiter28bf16gemm_outf32_tn_96x64_pf3E Success
done 8192
=== 9216 ===
merge tuned file under model_configs/ and configs/  /workspace/aiter/aiter/configs/a8w8_bpreshuffle_tuned_gemm.csv:/workspace/aiter/aiter/configs/model_configs/a8w8_bpreshuffle_tuned_gemm_dsv3.csv
merge tuned file under model_configs/ and configs/  /workspace/aiter/aiter/configs/a8w8_blockscale_tuned_gemm.csv:/workspace/aiter/aiter/configs/model_configs/a8w8_blockscale_tuned_gemm_ds_v3.csv
merge tuned file under model_configs/ and configs/  /workspace/aiter/aiter/configs/a8w8_blockscale_bpreshuffle_tuned_gemm.csv:/workspace/aiter/aiter/configs/model_configs/a8w8_blockscale_bpreshuffle_tuned_gemm_dsv3.csv
[aiter] hipModuleLoad: /workspace/aiter/hsa/gfx942/bf16gemm//bf16gemm_outf32_tn_96x64_pf3.co GetFunction: _ZN5aiter28bf16gemm_outf32_tn_96x64_pf3E Success
done 9216
=== 14592 ===
merge tuned file under model_configs/ and configs/  /workspace/aiter/aiter/configs/a8w8_bpreshuffle_tuned_gemm.csv:/workspace/aiter/aiter/configs/model_configs/a8w8_bpreshuffle_tuned_gemm_dsv3.csv
merge tuned file under model_configs/ and configs/  /workspace/aiter/aiter/configs/a8w8_blockscale_tuned_gemm.csv:/workspace/aiter/aiter/configs/model_configs/a8w8_blockscale_tuned_gemm_ds_v3.csv
merge tuned file under model_configs/ and configs/  /workspace/aiter/aiter/configs/a8w8_blockscale_bpreshuffle_tuned_gemm.csv:/workspace/aiter/aiter/configs/model_configs/a8w8_blockscale_bpreshuffle_tuned_gemm_dsv3.csv
[aiter] hipModuleLoad: /workspace/aiter/hsa/gfx942/bf16gemm//bf16gemm_outf32_tn_96x64_pf3.co GetFunction: _ZN5aiter28bf16gemm_outf32_tn_96x64_pf3E Success
done 14592
=== 16384 ===
merge tuned file under model_configs/ and configs/  /workspace/aiter/aiter/configs/a8w8_bpreshuffle_tuned_gemm.csv:/workspace/aiter/aiter/configs/model_configs/a8w8_bpreshuffle_tuned_gemm_dsv3.csv
merge tuned file under model_configs/ and configs/  /workspace/aiter/aiter/configs/a8w8_blockscale_tuned_gemm.csv:/workspace/aiter/aiter/configs/model_configs/a8w8_blockscale_tuned_gemm_ds_v3.csv
merge tuned file under model_configs/ and configs/  /workspace/aiter/aiter/configs/a8w8_blockscale_bpreshuffle_tuned_gemm.csv:/workspace/aiter/aiter/configs/model_configs/a8w8_blockscale_bpreshuffle_tuned_gemm_dsv3.csv
[aiter] hipModuleLoad: /workspace/aiter/hsa/gfx942/bf16gemm//bf16gemm_outf32_tn_96x64_pf3.co GetFunction: _ZN5aiter28bf16gemm_outf32_tn_96x64_pf3E Success
done 16384
