2026-03-12 07:17:07,380 - OptimizationManager - INFO - OptimizationManager initialized: strategy=greedy, workers=1
2026-03-12 07:17:07,381 - OptimizationManager - INFO - ================================================================================
2026-03-12 07:17:07,381 - OptimizationManager - INFO - STARTING OPTIMIZATION
2026-03-12 07:17:07,381 - OptimizationManager - INFO - ================================================================================
2026-03-12 07:17:07,381 - OptimizationManager - INFO - GreedyStrategy initialized with 1 worker
2026-03-12 07:17:10,452 - OptimizationManager - INFO - Initial kernel passed correctness verification
2026-03-12 07:17:10,453 - OptimizationManager - INFO - ⏳ Waiting for benchmark lock (worker -1)...
2026-03-12 07:17:10,453 - OptimizationManager - INFO - 🔓 Acquired benchmark lock (worker -1)
2026-03-12 07:17:11,177 - OptimizationManager - INFO - 🔒 Released benchmark lock (worker -1)
2026-03-12 07:17:11,177 - OptimizationManager - INFO - PyTorch baseline: 0.0149ms
2026-03-12 07:17:11,177 - OptimizationManager - INFO - ⏳ Waiting for benchmark lock (worker -1)...
2026-03-12 07:17:11,177 - OptimizationManager - INFO - 🔓 Acquired benchmark lock (worker -1)
2026-03-12 07:17:13,611 - OptimizationManager - INFO - 🔒 Released benchmark lock (worker -1)
2026-03-12 07:17:13,611 - OptimizationManager - INFO - PyTorch compile baseline: 0.0149ms
2026-03-12 07:17:13,611 - OptimizationManager - INFO - ⏳ Waiting for benchmark lock (worker -1)...
2026-03-12 07:17:13,611 - OptimizationManager - INFO - 🔓 Acquired benchmark lock (worker -1)
2026-03-12 07:17:16,480 - OptimizationManager - INFO - 🔒 Released benchmark lock (worker -1)
2026-03-12 07:17:16,480 - OptimizationManager - INFO - Initial kernel time: 0.0143ms
2026-03-12 07:17:16,480 - OptimizationManager - INFO - 
2026-03-12 07:17:16,480 - OptimizationManager - INFO - ==================== ROUND 1/10 ====================
2026-03-12 07:21:27,734 - OptimizationManager - WARNING - Worker 47174 still alive after result collection; terminating
2026-03-12 07:21:27,761 - OptimizationManager - INFO - Round 1: 1/1 workers succeeded (1 results received)
2026-03-12 07:21:27,762 - OptimizationManager - INFO - New best: 0.0215ms (nan% improvement)
2026-03-12 07:21:27,762 - OptimizationManager - INFO - Round 1 best: worker 0 at 0.0215 ms
2026-03-12 07:21:27,762 - OptimizationManager - INFO - 
2026-03-12 07:21:27,762 - OptimizationManager - INFO - ==================== ROUND 2/10 ====================
2026-03-12 07:26:22,220 - OptimizationManager - WARNING - Worker 48832 still alive after result collection; terminating
2026-03-12 07:26:22,253 - OptimizationManager - INFO - Round 2: 1/1 workers succeeded (1 results received)
2026-03-12 07:26:22,253 - OptimizationManager - INFO - New best: 0.0214ms (0.5% improvement)
2026-03-12 07:26:22,254 - OptimizationManager - INFO - Round 2 best: worker 0 at 0.0214 ms
2026-03-12 07:26:22,254 - OptimizationManager - INFO - 
2026-03-12 07:26:22,254 - OptimizationManager - INFO - ==================== ROUND 3/10 ====================
2026-03-12 07:33:40,100 - OptimizationManager - WARNING - Worker 50239 still alive after result collection; terminating
2026-03-12 07:33:40,129 - OptimizationManager - INFO - Round 3: 1/1 workers succeeded (1 results received)
2026-03-12 07:33:40,130 - OptimizationManager - INFO - No improvement (1/9)
2026-03-12 07:33:40,130 - OptimizationManager - INFO - Round 3 best: worker 0 at 0.0214 ms
2026-03-12 07:33:40,130 - OptimizationManager - INFO - 
2026-03-12 07:33:40,130 - OptimizationManager - INFO - ==================== ROUND 4/10 ====================
2026-03-12 07:40:35,069 - OptimizationManager - WARNING - Worker 51633 still alive after result collection; terminating
2026-03-12 07:40:35,098 - OptimizationManager - INFO - Round 4: 1/1 workers succeeded (1 results received)
2026-03-12 07:40:35,098 - OptimizationManager - INFO - No improvement (2/9)
2026-03-12 07:40:35,099 - OptimizationManager - INFO - Round 4 best: worker 0 at 0.0214 ms
2026-03-12 07:40:35,099 - OptimizationManager - INFO - 
2026-03-12 07:40:35,099 - OptimizationManager - INFO - ==================== ROUND 5/10 ====================
2026-03-12 07:46:36,094 - OptimizationManager - WARNING - Worker 53042 still alive after result collection; terminating
2026-03-12 07:46:36,123 - OptimizationManager - INFO - Round 5: 1/1 workers succeeded (1 results received)
2026-03-12 07:46:36,123 - OptimizationManager - INFO - No improvement (3/9)
2026-03-12 07:46:36,124 - OptimizationManager - INFO - Round 5 best: worker 0 at 0.0214 ms
2026-03-12 07:46:36,124 - OptimizationManager - INFO - 
2026-03-12 07:46:36,124 - OptimizationManager - INFO - ==================== ROUND 6/10 ====================
2026-03-12 07:53:18,632 - OptimizationManager - WARNING - Worker 54456 still alive after result collection; terminating
2026-03-12 07:53:18,661 - OptimizationManager - INFO - Round 6: 1/1 workers succeeded (1 results received)
2026-03-12 07:53:18,661 - OptimizationManager - INFO - No improvement (4/9)
2026-03-12 07:53:18,662 - OptimizationManager - INFO - Round 6 best: worker 0 at 0.0214 ms
2026-03-12 07:53:18,662 - OptimizationManager - INFO - 
2026-03-12 07:53:18,662 - OptimizationManager - INFO - ==================== ROUND 7/10 ====================
2026-03-12 07:59:49,633 - OptimizationManager - WARNING - Worker 55846 still alive after result collection; terminating
2026-03-12 07:59:49,662 - OptimizationManager - INFO - Round 7: 1/1 workers succeeded (1 results received)
2026-03-12 07:59:49,662 - OptimizationManager - INFO - No improvement (5/9)
2026-03-12 07:59:49,663 - OptimizationManager - INFO - Round 7 best: worker 0 at 0.0214 ms
2026-03-12 07:59:49,663 - OptimizationManager - INFO - 
2026-03-12 07:59:49,663 - OptimizationManager - INFO - ==================== ROUND 8/10 ====================
2026-03-12 08:07:11,440 - OptimizationManager - WARNING - Worker 57246 still alive after result collection; terminating
2026-03-12 08:07:11,470 - OptimizationManager - INFO - Round 8: 1/1 workers succeeded (1 results received)
2026-03-12 08:07:11,470 - OptimizationManager - INFO - No improvement (6/9)
2026-03-12 08:07:11,471 - OptimizationManager - INFO - Round 8 best: worker 0 at 0.0214 ms
2026-03-12 08:07:11,471 - OptimizationManager - INFO - 
2026-03-12 08:07:11,471 - OptimizationManager - INFO - ==================== ROUND 9/10 ====================
2026-03-12 08:13:04,627 - OptimizationManager - WARNING - Worker 58688 still alive after result collection; terminating
2026-03-12 08:13:04,657 - OptimizationManager - INFO - Round 9: 1/1 workers succeeded (1 results received)
2026-03-12 08:13:04,657 - OptimizationManager - INFO - No improvement (7/9)
2026-03-12 08:13:04,658 - OptimizationManager - INFO - Round 9 best: worker 0 at 0.0214 ms
2026-03-12 08:13:04,658 - OptimizationManager - INFO - 
2026-03-12 08:13:04,658 - OptimizationManager - INFO - ==================== ROUND 10/10 ====================
2026-03-12 08:19:45,529 - OptimizationManager - WARNING - Worker 60103 still alive after result collection; terminating
2026-03-12 08:19:45,558 - OptimizationManager - INFO - Round 10: 1/1 workers succeeded (1 results received)
2026-03-12 08:19:45,558 - OptimizationManager - INFO - No improvement (8/9)
2026-03-12 08:19:45,559 - OptimizationManager - INFO - Round 10 best: worker 0 at 0.0214 ms
2026-03-12 08:19:45,559 - OptimizationManager - INFO - Strategy signaled termination
2026-03-12 08:19:45,559 - OptimizationManager - INFO - 
2026-03-12 08:19:45,559 - OptimizationManager - INFO - ================================================================================
2026-03-12 08:19:45,559 - OptimizationManager - INFO - OPTIMIZATION COMPLETE
2026-03-12 08:19:45,559 - OptimizationManager - INFO - ================================================================================
2026-03-12 08:19:45,559 - OptimizationManager - INFO - Best time: 0.0214ms
2026-03-12 08:19:45,559 - OptimizationManager - INFO - Speedup vs initial kernel: 0.67x
2026-03-12 08:19:45,559 - OptimizationManager - INFO - Speedup vs PyTorch eager: 0.69x
