triton_output_with_bf16_inputs=tensor([[ -3.6406,  -1.9219,  17.0000,  ..., -18.1250,  16.2500, -24.1250],
        [ 23.1250,   2.1719,  -6.7188,  ...,   8.2500,   2.5469,  34.7500],
        [ -4.3438,  -2.3438,  -5.3750,  ..., -30.1250, -21.8750, -19.7500],
        ...,
        [-19.1250,  40.2500,  32.2500,  ...,  37.0000, -56.7500, -23.6250],
        [ 41.7500, -11.2500, -18.5000,  ..., -14.6875, -18.6250,  -1.9609],
        [ 28.0000,  -8.1875, -14.3125,  ...,   1.6016,   0.5078,  13.1875]],
       device='cuda:0', dtype=torch.bfloat16)
torch_output_with_bf16_inputs=tensor([[ -3.6406,  -1.9219,  17.0000,  ..., -18.1250,  16.2500, -24.1250],
        [ 23.1250,   2.1719,  -6.7188,  ...,   8.2500,   2.5469,  34.7500],
        [ -4.3438,  -2.3438,  -5.3750,  ..., -30.1250, -21.8750, -19.7500],
        ...,
        [-19.1250,  40.2500,  32.2500,  ...,  37.0000, -56.7500, -23.6250],
        [ 41.7500, -11.2500, -18.5000,  ..., -14.6875, -18.6250,  -1.9609],
        [ 28.0000,  -8.1875, -14.3125,  ...,   1.6016,   0.5078,  13.1875]],
       device='cuda:0', dtype=torch.bfloat16)
❌ Triton and Torch differ
matmul-performance-bf16:
         M        N        K     rocBLAS      Triton
0   1024.0   1024.0   1024.0  110.076558   82.598701
1   2048.0   2048.0   2048.0  385.665805  286.097501
2   4096.0   4096.0   4096.0  617.840628  374.426733
3   8192.0   8192.0   8192.0  656.672614  403.809837
4  16384.0  16384.0  16384.0  663.094076  396.179666
