2026-03-23 03:27:01,892 - OptimizationManager - INFO - OptimizationManager initialized: strategy=beam_search, workers=1
2026-03-23 03:27:01,892 - OptimizationManager - INFO - ================================================================================
2026-03-23 03:27:01,892 - OptimizationManager - INFO - STARTING OPTIMIZATION
2026-03-23 03:27:01,892 - OptimizationManager - INFO - ================================================================================
2026-03-23 03:27:01,892 - OptimizationManager - INFO - BeamSearch initialized: 1 kernels × 1 bottlenecks = 1 workers
2026-03-23 03:27:04,853 - OptimizationManager - INFO - Initial kernel passed correctness verification
2026-03-23 03:27:04,856 - OptimizationManager - INFO - ⏳ Waiting for benchmark lock (worker -1)...
2026-03-23 03:27:04,856 - OptimizationManager - INFO - 🔓 Acquired benchmark lock (worker -1)
2026-03-23 03:27:05,875 - OptimizationManager - INFO - 🔒 Released benchmark lock (worker -1)
2026-03-23 03:27:05,875 - OptimizationManager - INFO - PyTorch baseline: 0.2918ms
2026-03-23 03:27:05,875 - OptimizationManager - INFO - ⏳ Waiting for benchmark lock (worker -1)...
2026-03-23 03:27:05,875 - OptimizationManager - INFO - 🔓 Acquired benchmark lock (worker -1)
2026-03-23 03:27:09,143 - OptimizationManager - INFO - 🔒 Released benchmark lock (worker -1)
2026-03-23 03:27:09,144 - OptimizationManager - INFO - PyTorch compile baseline: 0.2523ms
2026-03-23 03:27:09,144 - OptimizationManager - INFO - ⏳ Waiting for benchmark lock (worker -1)...
2026-03-23 03:27:09,144 - OptimizationManager - INFO - 🔓 Acquired benchmark lock (worker -1)
2026-03-23 03:27:12,466 - OptimizationManager - INFO - 🔒 Released benchmark lock (worker -1)
2026-03-23 03:27:12,466 - OptimizationManager - INFO - Initial kernel time: 0.9708ms
2026-03-23 03:27:12,466 - OptimizationManager - INFO - 
2026-03-23 03:27:12,466 - OptimizationManager - INFO - ==================== ROUND 1/10 ====================
2026-03-23 03:29:00,595 - OptimizationManager - WARNING - Worker 1315473 still alive after result collection; terminating
2026-03-23 03:29:00,619 - OptimizationManager - INFO - Round 1: 1/1 workers succeeded (1 results received)
2026-03-23 03:29:00,619 - OptimizationManager - INFO - Round 1: 1 successful, best new: 0.3863ms
2026-03-23 03:29:00,619 - OptimizationManager - INFO - Round 1 best: worker 0 at 0.3863 ms
2026-03-23 03:29:00,620 - OptimizationManager - INFO - 
2026-03-23 03:29:00,620 - OptimizationManager - INFO - ==================== ROUND 2/10 ====================
2026-03-23 03:30:50,058 - OptimizationManager - WARNING - Worker 1316794 still alive after result collection; terminating
2026-03-23 03:30:50,083 - OptimizationManager - INFO - Round 2: 1/1 workers succeeded (1 results received)
2026-03-23 03:30:50,084 - OptimizationManager - INFO - Round 2: 1 successful, best new: 0.3863ms
2026-03-23 03:30:50,084 - OptimizationManager - INFO - Round 2 best: worker 0 at 0.3863 ms
2026-03-23 03:30:50,084 - OptimizationManager - INFO - 
2026-03-23 03:30:50,084 - OptimizationManager - INFO - ==================== ROUND 3/10 ====================
2026-03-23 03:32:32,668 - OptimizationManager - WARNING - Worker 1318291 still alive after result collection; terminating
2026-03-23 03:32:32,691 - OptimizationManager - INFO - Round 3: 1/1 workers succeeded (1 results received)
2026-03-23 03:32:32,692 - OptimizationManager - INFO - Round 3: 1 successful, best new: 0.3863ms
2026-03-23 03:32:32,692 - OptimizationManager - INFO - Round 3 best: worker 0 at 0.3863 ms
2026-03-23 03:32:32,692 - OptimizationManager - INFO - 
2026-03-23 03:32:32,692 - OptimizationManager - INFO - ==================== ROUND 4/10 ====================
2026-03-23 03:34:20,615 - OptimizationManager - WARNING - Worker 1319720 still alive after result collection; terminating
2026-03-23 03:34:20,639 - OptimizationManager - INFO - Round 4: 1/1 workers succeeded (1 results received)
2026-03-23 03:34:20,640 - OptimizationManager - INFO - Round 4: 1 successful, best new: 0.3863ms
2026-03-23 03:34:20,640 - OptimizationManager - INFO - Round 4 best: worker 0 at 0.3863 ms
2026-03-23 03:34:20,640 - OptimizationManager - INFO - 
2026-03-23 03:34:20,640 - OptimizationManager - INFO - ==================== ROUND 5/10 ====================
2026-03-23 03:36:44,055 - OptimizationManager - WARNING - Worker 1320893 still alive after result collection; terminating
2026-03-23 03:36:44,081 - OptimizationManager - INFO - Round 5: 1/1 workers succeeded (1 results received)
2026-03-23 03:36:44,082 - OptimizationManager - INFO - Round 5: 1 successful, best new: 0.3863ms
2026-03-23 03:36:44,082 - OptimizationManager - INFO - Round 5 best: worker 0 at 0.3863 ms
2026-03-23 03:36:44,082 - OptimizationManager - INFO - 
2026-03-23 03:36:44,082 - OptimizationManager - INFO - ==================== ROUND 6/10 ====================
2026-03-23 03:38:29,888 - OptimizationManager - WARNING - Worker 1322386 still alive after result collection; terminating
2026-03-23 03:38:29,912 - OptimizationManager - INFO - Round 6: 1/1 workers succeeded (1 results received)
2026-03-23 03:38:29,913 - OptimizationManager - INFO - Round 6: 1 successful, best new: 0.3863ms
2026-03-23 03:38:29,913 - OptimizationManager - INFO - Round 6 best: worker 0 at 0.3863 ms
2026-03-23 03:38:29,913 - OptimizationManager - INFO - 
2026-03-23 03:38:29,913 - OptimizationManager - INFO - ==================== ROUND 7/10 ====================
2026-03-23 03:40:13,166 - OptimizationManager - WARNING - Worker 1323559 still alive after result collection; terminating
2026-03-23 03:40:13,190 - OptimizationManager - INFO - Round 7: 1/1 workers succeeded (1 results received)
2026-03-23 03:40:13,191 - OptimizationManager - INFO - Round 7: 1 successful, best new: 0.3863ms
2026-03-23 03:40:13,191 - OptimizationManager - INFO - Round 7 best: worker 0 at 0.3863 ms
2026-03-23 03:40:13,191 - OptimizationManager - INFO - 
2026-03-23 03:40:13,191 - OptimizationManager - INFO - ==================== ROUND 8/10 ====================
2026-03-23 03:42:03,320 - OptimizationManager - WARNING - Worker 1331394 still alive after result collection; terminating
2026-03-23 03:42:03,344 - OptimizationManager - INFO - Round 8: 1/1 workers succeeded (1 results received)
2026-03-23 03:42:03,345 - OptimizationManager - INFO - Round 8: 1 successful, best new: 0.3863ms
2026-03-23 03:42:03,345 - OptimizationManager - INFO - Round 8 best: worker 0 at 0.3863 ms
2026-03-23 03:42:03,345 - OptimizationManager - INFO - 
2026-03-23 03:42:03,345 - OptimizationManager - INFO - ==================== ROUND 9/10 ====================
2026-03-23 03:43:58,647 - OptimizationManager - WARNING - Worker 1332759 still alive after result collection; terminating
2026-03-23 03:43:58,672 - OptimizationManager - INFO - Round 9: 1/1 workers succeeded (1 results received)
2026-03-23 03:43:58,673 - OptimizationManager - INFO - Round 9: 1 successful, best new: 0.3863ms
2026-03-23 03:43:58,673 - OptimizationManager - INFO - Round 9 best: worker 0 at 0.3863 ms
2026-03-23 03:43:58,673 - OptimizationManager - INFO - 
2026-03-23 03:43:58,674 - OptimizationManager - INFO - ==================== ROUND 10/10 ====================
2026-03-23 03:45:51,766 - OptimizationManager - WARNING - Worker 1334147 still alive after result collection; terminating
2026-03-23 03:45:51,790 - OptimizationManager - INFO - Round 10: 1/1 workers succeeded (1 results received)
2026-03-23 03:45:51,791 - OptimizationManager - INFO - Round 10: 1 successful, best new: 0.3261ms
2026-03-23 03:45:51,791 - OptimizationManager - INFO - Round 10 best: worker 0 at 0.3261 ms
2026-03-23 03:45:51,792 - OptimizationManager - INFO - Strategy signaled termination
2026-03-23 03:45:51,792 - OptimizationManager - INFO - 
2026-03-23 03:45:51,792 - OptimizationManager - INFO - ================================================================================
2026-03-23 03:45:51,792 - OptimizationManager - INFO - OPTIMIZATION COMPLETE
2026-03-23 03:45:51,792 - OptimizationManager - INFO - ================================================================================
2026-03-23 03:45:51,792 - OptimizationManager - INFO - Best time: 0.3261ms
2026-03-23 03:45:51,792 - OptimizationManager - INFO - Speedup vs initial kernel: 2.98x
2026-03-23 03:45:51,792 - OptimizationManager - INFO - Speedup vs PyTorch eager: 0.89x
