OptimizationManager initialized: strategy=greedy, workers=1
================================================================================
STARTING OPTIMIZATION
================================================================================
GreedyStrategy initialized with 1 worker
Initial kernel passed correctness verification
⏳ Waiting for benchmark lock (worker -1)...
🔓 Acquired benchmark lock (worker -1)
🔒 Released benchmark lock (worker -1)
PyTorch baseline: 0.0149ms
⏳ Waiting for benchmark lock (worker -1)...
🔓 Acquired benchmark lock (worker -1)
🔒 Released benchmark lock (worker -1)
PyTorch compile baseline: 0.0149ms
⏳ Waiting for benchmark lock (worker -1)...
🔓 Acquired benchmark lock (worker -1)
🔒 Released benchmark lock (worker -1)
Initial kernel time: 0.0143ms

==================== ROUND 1/10 ====================
Unknown GPU: 'AMD Instinct MI300X'. Disable Optimization. Available GPUs: NVIDIA A100 SXM4 40GB, NVIDIA A100 SXM4 80GB, NVIDIA A100 PCIe 40GB, NVIDIA A100 PCIe 80GB, NVIDIA H100 SXM5 80GB, NVIDIA H100 PCIe 80GB, NVIDIA H100 NVL 94GB, NVIDIA RTX 4090, NVIDIA RTX 5080
Worker 47174 still alive after result collection; terminating
Round 1: 1/1 workers succeeded (1 results received)
New best: 0.0215ms (nan% improvement)
Round 1 best: worker 0 at 0.0215 ms

==================== ROUND 2/10 ====================
Unknown GPU: 'AMD Instinct MI300X'. Disable Optimization. Available GPUs: NVIDIA A100 SXM4 40GB, NVIDIA A100 SXM4 80GB, NVIDIA A100 PCIe 40GB, NVIDIA A100 PCIe 80GB, NVIDIA H100 SXM5 80GB, NVIDIA H100 PCIe 80GB, NVIDIA H100 NVL 94GB, NVIDIA RTX 4090, NVIDIA RTX 5080
Worker 48832 still alive after result collection; terminating
Round 2: 1/1 workers succeeded (1 results received)
New best: 0.0214ms (0.5% improvement)
Round 2 best: worker 0 at 0.0214 ms

==================== ROUND 3/10 ====================
Unknown GPU: 'AMD Instinct MI300X'. Disable Optimization. Available GPUs: NVIDIA A100 SXM4 40GB, NVIDIA A100 SXM4 80GB, NVIDIA A100 PCIe 40GB, NVIDIA A100 PCIe 80GB, NVIDIA H100 SXM5 80GB, NVIDIA H100 PCIe 80GB, NVIDIA H100 NVL 94GB, NVIDIA RTX 4090, NVIDIA RTX 5080
Worker 50239 still alive after result collection; terminating
Round 3: 1/1 workers succeeded (1 results received)
No improvement (1/9)
Round 3 best: worker 0 at 0.0214 ms

==================== ROUND 4/10 ====================
Unknown GPU: 'AMD Instinct MI300X'. Disable Optimization. Available GPUs: NVIDIA A100 SXM4 40GB, NVIDIA A100 SXM4 80GB, NVIDIA A100 PCIe 40GB, NVIDIA A100 PCIe 80GB, NVIDIA H100 SXM5 80GB, NVIDIA H100 PCIe 80GB, NVIDIA H100 NVL 94GB, NVIDIA RTX 4090, NVIDIA RTX 5080
Worker 51633 still alive after result collection; terminating
Round 4: 1/1 workers succeeded (1 results received)
No improvement (2/9)
Round 4 best: worker 0 at 0.0214 ms

==================== ROUND 5/10 ====================
Unknown GPU: 'AMD Instinct MI300X'. Disable Optimization. Available GPUs: NVIDIA A100 SXM4 40GB, NVIDIA A100 SXM4 80GB, NVIDIA A100 PCIe 40GB, NVIDIA A100 PCIe 80GB, NVIDIA H100 SXM5 80GB, NVIDIA H100 PCIe 80GB, NVIDIA H100 NVL 94GB, NVIDIA RTX 4090, NVIDIA RTX 5080
Worker 53042 still alive after result collection; terminating
Round 5: 1/1 workers succeeded (1 results received)
No improvement (3/9)
Round 5 best: worker 0 at 0.0214 ms

==================== ROUND 6/10 ====================
Unknown GPU: 'AMD Instinct MI300X'. Disable Optimization. Available GPUs: NVIDIA A100 SXM4 40GB, NVIDIA A100 SXM4 80GB, NVIDIA A100 PCIe 40GB, NVIDIA A100 PCIe 80GB, NVIDIA H100 SXM5 80GB, NVIDIA H100 PCIe 80GB, NVIDIA H100 NVL 94GB, NVIDIA RTX 4090, NVIDIA RTX 5080
Worker 54456 still alive after result collection; terminating
Round 6: 1/1 workers succeeded (1 results received)
No improvement (4/9)
Round 6 best: worker 0 at 0.0214 ms

==================== ROUND 7/10 ====================
Unknown GPU: 'AMD Instinct MI300X'. Disable Optimization. Available GPUs: NVIDIA A100 SXM4 40GB, NVIDIA A100 SXM4 80GB, NVIDIA A100 PCIe 40GB, NVIDIA A100 PCIe 80GB, NVIDIA H100 SXM5 80GB, NVIDIA H100 PCIe 80GB, NVIDIA H100 NVL 94GB, NVIDIA RTX 4090, NVIDIA RTX 5080
Worker 55846 still alive after result collection; terminating
Round 7: 1/1 workers succeeded (1 results received)
No improvement (5/9)
Round 7 best: worker 0 at 0.0214 ms

==================== ROUND 8/10 ====================
Unknown GPU: 'AMD Instinct MI300X'. Disable Optimization. Available GPUs: NVIDIA A100 SXM4 40GB, NVIDIA A100 SXM4 80GB, NVIDIA A100 PCIe 40GB, NVIDIA A100 PCIe 80GB, NVIDIA H100 SXM5 80GB, NVIDIA H100 PCIe 80GB, NVIDIA H100 NVL 94GB, NVIDIA RTX 4090, NVIDIA RTX 5080
Worker 57246 still alive after result collection; terminating
Round 8: 1/1 workers succeeded (1 results received)
No improvement (6/9)
Round 8 best: worker 0 at 0.0214 ms

==================== ROUND 9/10 ====================
Unknown GPU: 'AMD Instinct MI300X'. Disable Optimization. Available GPUs: NVIDIA A100 SXM4 40GB, NVIDIA A100 SXM4 80GB, NVIDIA A100 PCIe 40GB, NVIDIA A100 PCIe 80GB, NVIDIA H100 SXM5 80GB, NVIDIA H100 PCIe 80GB, NVIDIA H100 NVL 94GB, NVIDIA RTX 4090, NVIDIA RTX 5080
Worker 58688 still alive after result collection; terminating
Round 9: 1/1 workers succeeded (1 results received)
No improvement (7/9)
Round 9 best: worker 0 at 0.0214 ms

==================== ROUND 10/10 ====================
Unknown GPU: 'AMD Instinct MI300X'. Disable Optimization. Available GPUs: NVIDIA A100 SXM4 40GB, NVIDIA A100 SXM4 80GB, NVIDIA A100 PCIe 40GB, NVIDIA A100 PCIe 80GB, NVIDIA H100 SXM5 80GB, NVIDIA H100 PCIe 80GB, NVIDIA H100 NVL 94GB, NVIDIA RTX 4090, NVIDIA RTX 5080
Worker 60103 still alive after result collection; terminating
Round 10: 1/1 workers succeeded (1 results received)
No improvement (8/9)
Round 10 best: worker 0 at 0.0214 ms
Strategy signaled termination

================================================================================
OPTIMIZATION COMPLETE
================================================================================
Best time: 0.0214ms
Speedup vs initial kernel: 0.67x
Speedup vs PyTorch eager: 0.69x
