[trace] log_dir=/workspace/kernel_benchmark/opt_kernel/gemm/trace_runs/kernelfalcon_optmgr_gemm_api53high_20260312_071659_retry1/03_kernelfalcon_gemm2_optmanager/mitm
[trace] proxy=http://127.0.0.1:18080
[trace] mitm_bin=mitmweb
[prompt-sanitize] replaced_cuda_or_nvidia_terms=2
[prompt-sanitize] replaced_cuda_or_nvidia_terms=2
[prompt-sanitize] replaced_cuda_or_nvidia_terms=2
[prompt-sanitize] replaced_cuda_or_nvidia_terms=2
[prompt-sanitize] replaced_cuda_or_nvidia_terms=1
[prompt-sanitize] replaced_cuda_or_nvidia_terms=2
[prompt-sanitize] replaced_cuda_or_nvidia_terms=2
[prompt-sanitize] replaced_cuda_or_nvidia_terms=1
[prompt-sanitize] replaced_cuda_or_nvidia_terms=2
[prompt-sanitize] replaced_cuda_or_nvidia_terms=2
[prompt-sanitize] replaced_cuda_or_nvidia_terms=1
[prompt-sanitize] replaced_cuda_or_nvidia_terms=2
[prompt-sanitize] replaced_cuda_or_nvidia_terms=2
[prompt-sanitize] replaced_cuda_or_nvidia_terms=1
[prompt-sanitize] replaced_cuda_or_nvidia_terms=2
[prompt-sanitize] replaced_cuda_or_nvidia_terms=2
[prompt-sanitize] replaced_cuda_or_nvidia_terms=1
[prompt-sanitize] replaced_cuda_or_nvidia_terms=2
[prompt-sanitize] replaced_cuda_or_nvidia_terms=2
[prompt-sanitize] replaced_cuda_or_nvidia_terms=1
[prompt-sanitize] replaced_cuda_or_nvidia_terms=2
[prompt-sanitize] replaced_cuda_or_nvidia_terms=2
[prompt-sanitize] replaced_cuda_or_nvidia_terms=1
[prompt-sanitize] replaced_cuda_or_nvidia_terms=2
[prompt-sanitize] replaced_cuda_or_nvidia_terms=2
[prompt-sanitize] replaced_cuda_or_nvidia_terms=1
RUN_DONE True 10 0.021417379919439553
[trace] command_exit=0
[trace] flow_dump=/workspace/kernel_benchmark/opt_kernel/gemm/trace_runs/kernelfalcon_optmgr_gemm_api53high_20260312_071659_retry1/03_kernelfalcon_gemm2_optmanager/mitm/traffic_flows.mitm
[trace] jsonl=/workspace/kernel_benchmark/opt_kernel/gemm/trace_runs/kernelfalcon_optmgr_gemm_api53high_20260312_071659_retry1/03_kernelfalcon_gemm2_optmanager/mitm/traffic.jsonl
[trace] mitm_log=/workspace/kernel_benchmark/opt_kernel/gemm/trace_runs/kernelfalcon_optmgr_gemm_api53high_20260312_071659_retry1/03_kernelfalcon_gemm2_optmanager/mitm/mitmproxy.log
[trace] proxy_env=/workspace/kernel_benchmark/opt_kernel/gemm/trace_runs/kernelfalcon_optmgr_gemm_api53high_20260312_071659_retry1/03_kernelfalcon_gemm2_optmanager/mitm/proxy_env.sh
[trace] token_usage=/workspace/kernel_benchmark/opt_kernel/gemm/trace_runs/kernelfalcon_optmgr_gemm_api53high_20260312_071659_retry1/03_kernelfalcon_gemm2_optmanager/mitm/token_usage_summary.json
[trace] captured_events=
